                              1 ;--------------------------------------------------------
                              2 ; File Created by SDCC : FreeWare ANSI-C Compiler
                              3 ; Version 2.3.1 Thu Mar  5 15:49:15 2020
                              4 
                              5 ;--------------------------------------------------------
                              6 	.module lcc69590
                              7 	
                              8 ;--------------------------------------------------------
                              9 ; Public variables in this module
                             10 ;--------------------------------------------------------
                             11 	.globl _background
                             12 	.globl _backgroundCGB
                             13 ;--------------------------------------------------------
                             14 ; special function registers
                             15 ;--------------------------------------------------------
                             16 ;--------------------------------------------------------
                             17 ; special function bits 
                             18 ;--------------------------------------------------------
                             19 ;--------------------------------------------------------
                             20 ; internal ram data
                             21 ;--------------------------------------------------------
                             22 	.area _DATA
   0000                      23 _backgroundCGB::
   0000                      24 	.ds 16
   0010                      25 _background::
   0010                      26 	.ds 496
                             27 ;--------------------------------------------------------
                             28 ; overlayable items in internal ram 
                             29 ;--------------------------------------------------------
                             30 	.area _OVERLAY
                             31 ;--------------------------------------------------------
                             32 ; indirectly addressable internal ram data
                             33 ;--------------------------------------------------------
                             34 	.area _ISEG
                             35 ;--------------------------------------------------------
                             36 ; bit data
                             37 ;--------------------------------------------------------
                             38 	.area _BSEG
                             39 ;--------------------------------------------------------
                             40 ; external ram data
                             41 ;--------------------------------------------------------
                             42 	.area _XSEG
                             43 ;--------------------------------------------------------
                             44 ; global & static initialisations
                             45 ;--------------------------------------------------------
                             46 	.area _GSINIT
                             47 	.area _GSFINAL
                             48 	.area _GSINIT
                             49 ;	background.c 26
                             50 ;	background.c 97
                             51 ;	genArrayInit
                             52 ; _saveRegsForCall: sendSetSize: 0 deInUse: 0 bcInUse: 0 deSending: 0
   0000 21 00 00             53 	ld	hl,#_backgroundCGB
   0003 CD 00 00             54 	call	__initrleblock
   0006 01                   55 	.db	1
   0007 10                   56 	.db	0x10
   0008 F8 00                57 	.db	-8,0x00
   000A 07                   58 	.db	7
   000B 02 22 21 11 11 11    59 	.db	0x02, 0x22, 0x21, 0x11, 0x11, 0x11, 0x10
        10
   0012 00                   60 	.db	0
                             61 ;	background.c 32
                             62 ;	background.c 97
                             63 ;	genArrayInit
                             64 ; _saveRegsForCall: sendSetSize: 0 deInUse: 0 bcInUse: 0 deSending: 0
   0013 21 10 00             65 	ld	hl,#_background
   0016 CD 00 00             66 	call	__initrleblock
   0019 F0 00                67 	.db	-16,0x00
   001B 04                   68 	.db	4
   001C 08 08 18 18          69 	.db	0x08, 0x08, 0x18, 0x18
   0020 F6 08                70 	.db	-10,0x08
   0022 3A                   71 	.db	58
   0023 1C 1C 18 18 24 24    72 	.db	0x1C, 0x1C, 0x18, 0x18, 0x24, 0x24, 0x24, 0x24
        24 24
   002B 04 04 08 08 08 08    73 	.db	0x04, 0x04, 0x08, 0x08, 0x08, 0x08, 0x10, 0x10
        10 10
   0033 3C 3C 18 18 24 24    74 	.db	0x3C, 0x3C, 0x18, 0x18, 0x24, 0x24, 0x04, 0x04
        04 04
   003B 04 04 18 18 04 04    75 	.db	0x04, 0x04, 0x18, 0x18, 0x04, 0x04, 0x24, 0x24
        24 24
   0043 18 18 0C 0C 14 14    76 	.db	0x18, 0x18, 0x0C, 0x0C, 0x14, 0x14, 0x14, 0x14
        14 14
   004B 24 24 24 24 1E 1E    77 	.db	0x24, 0x24, 0x24, 0x24, 0x1E, 0x1E, 0x04, 0x04
        04 04
   0053 04 04 38 38 20 20    78 	.db	0x04, 0x04, 0x38, 0x38, 0x20, 0x20, 0x20, 0x20
        20 20
   005B 30 30                79 	.db	0x30, 0x30
   005D FA 08                80 	.db	-6,0x08
   005F 0A                   81 	.db	10
   0060 30 30 08 08 10 10    82 	.db	0x30, 0x30, 0x08, 0x08, 0x10, 0x10, 0x20, 0x20
        20 20
   0068 38 38                83 	.db	0x38, 0x38
   006A FA 24                84 	.db	-6,0x24
   006C 14                   85 	.db	20
   006D 18 18 3C 3C 24 24    86 	.db	0x18, 0x18, 0x3C, 0x3C, 0x24, 0x24, 0x24, 0x24
        24 24
   0075 04 04 08 08 08 08    87 	.db	0x04, 0x04, 0x08, 0x08, 0x08, 0x08, 0x10, 0x10
        10 10
   007D 10 10 18 18          88 	.db	0x10, 0x10, 0x18, 0x18
   0081 FA 24                89 	.db	-6,0x24
   0083 0A                   90 	.db	10
   0084 18 18 24 24 24 24    91 	.db	0x18, 0x18, 0x24, 0x24, 0x24, 0x24, 0x18, 0x18
        18 18
   008C 18 18                92 	.db	0x18, 0x18
   008E FA 24                93 	.db	-6,0x24
   0090 0A                   94 	.db	10
   0091 1C 1C 04 04 08 08    95 	.db	0x1C, 0x1C, 0x04, 0x04, 0x08, 0x08, 0x10, 0x10
        10 10
   0099 18 18                96 	.db	0x18, 0x18
   009B F4 24                97 	.db	-12,0x24
   009D 3E                   98 	.db	62
   009E 18 18 40 40 7E 7E    99 	.db	0x18, 0x18, 0x40, 0x40, 0x7E, 0x7E, 0x88, 0x88
        88 88
   00A6 3C 3C 28 28 28 28   100 	.db	0x3C, 0x3C, 0x28, 0x28, 0x28, 0x28, 0x7E, 0x7E
        7E 7E
   00AE 08 08 7E 7E 42 42   101 	.db	0x08, 0x08, 0x7E, 0x7E, 0x42, 0x42, 0x7E, 0x7E
        7E 7E
   00B6 42 42 7E 7E 42 42   102 	.db	0x42, 0x42, 0x7E, 0x7E, 0x42, 0x42, 0x42, 0x42
        42 42
   00BE 86 86 00 00 00 00   103 	.db	0x86, 0x86, 0x00, 0x00, 0x00, 0x00, 0x0F, 0x0F
        0F 0F
   00C6 1F 10 3F 24 3F 2F   104 	.db	0x1F, 0x10, 0x3F, 0x24, 0x3F, 0x2F, 0x3C, 0x24
        3C 24
   00CE 3C 24 3C 24 3C 24   105 	.db	0x3C, 0x24, 0x3C, 0x24, 0x3C, 0x24, 0x3F, 0x2F
        3F 2F
   00D6 3F 24 1F 10 0F 0F   106 	.db	0x3F, 0x24, 0x1F, 0x10, 0x0F, 0x0F
   00DC F8 00               107 	.db	-8,0x00
   00DE 18                  108 	.db	24
   00DF F0 F0 F8 08 FC 24   109 	.db	0xF0, 0xF0, 0xF8, 0x08, 0xFC, 0x24, 0xFC, 0xF4
        FC F4
   00E7 3C 24 3C 24 3C 24   110 	.db	0x3C, 0x24, 0x3C, 0x24, 0x3C, 0x24, 0x3C, 0x24
        3C 24
   00EF FC F4 FC 24 F8 08   111 	.db	0xFC, 0xF4, 0xFC, 0x24, 0xF8, 0x08, 0xF0, 0xF0
        F0 F0
   00F7 F8 00               112 	.db	-8,0x00
   00F9 7F                  113 	.db	127
   00FA FF FF FF 00 FF 00   114 	.db	0xFF, 0xFF, 0xFF, 0x00, 0xFF, 0x00, 0xFF, 0xFF
        FF FF
   0102 00 00 00 00 3C 24   115 	.db	0x00, 0x00, 0x00, 0x00, 0x3C, 0x24, 0x3C, 0x24
        3C 24
   010A 3C 24 3C 24 3C 24   116 	.db	0x3C, 0x24, 0x3C, 0x24, 0x3C, 0x24, 0x3C, 0x24
        3C 24
   0112 3C 24 3C 24 FF 00   117 	.db	0x3C, 0x24, 0x3C, 0x24, 0xFF, 0x00, 0xD9, 0x26
        D9 26
   011A 8C 73 20 FF 10 FF   118 	.db	0x8C, 0x73, 0x20, 0xFF, 0x10, 0xFF, 0x1F, 0xFF
        1F FF
   0122 A0 E0 40 40 FF 00   119 	.db	0xA0, 0xE0, 0x40, 0x40, 0xFF, 0x00, 0xDE, 0x21
        DE 21
   012A 6B 94 02 FD 90 FF   120 	.db	0x6B, 0x94, 0x02, 0xFD, 0x90, 0xFF, 0x6C, 0x6F
        6C 6F
   0132 23 23 00 00 FF 00   121 	.db	0x23, 0x23, 0x00, 0x00, 0xFF, 0x00, 0x6E, 0x91
        6E 91
   013A 23 DC 00 FF 42 FF   122 	.db	0x23, 0xDC, 0x00, 0xFF, 0x42, 0xFF, 0x97, 0xFF
        97 FF
   0142 E9 E9 40 40 FF 00   123 	.db	0xE9, 0xE9, 0x40, 0x40, 0xFF, 0x00, 0x73, 0x8C
        73 8C
   014A 18 E7 01 FE 10 FF   124 	.db	0x18, 0xE7, 0x01, 0xFE, 0x10, 0xFF, 0xAB, 0xEF
        AB EF
   0152 44 44 00 00 07 07   125 	.db	0x44, 0x44, 0x00, 0x00, 0x07, 0x07, 0x0F, 0x08
        0F 08
   015A 1F 10 1F 00 7F 60   126 	.db	0x1F, 0x10, 0x1F, 0x00, 0x7F, 0x60, 0xFF, 0x80
        FF 80
   0162 FF 80 7F 40 03 03   127 	.db	0xFF, 0x80, 0x7F, 0x40, 0x03, 0x03, 0x07, 0x04
        07 04
   016A 1F 18 3F 20 3F 20   128 	.db	0x1F, 0x18, 0x3F, 0x20, 0x3F, 0x20, 0x3F, 0x20
        3F 20
   0172 79 46 F7 88 C0 C0   129 	.db	0x79, 0x46, 0xF7, 0x88, 0xC0, 0xC0, 0xE0
        E0
   0179 27                  130 	.db	39
   017A 20 F0 10 F4 14 FE   131 	.db	0x20, 0xF0, 0x10, 0xF4, 0x14, 0xFE, 0x0A, 0xBF
        0A BF
   0182 41 DF 21 FF 01 90   132 	.db	0x41, 0xDF, 0x21, 0xFF, 0x01, 0x90, 0x90, 0xB8
        90 B8
   018A A8 F8 48 FA 0A FF   133 	.db	0xA8, 0xF8, 0x48, 0xFA, 0x0A, 0xFF, 0x05, 0xFF
        05 FF
   0192 01 FF 01 FE 02 3B   134 	.db	0x01, 0xFF, 0x01, 0xFE, 0x02, 0x3B, 0x24, 0x1D
        24 1D
   019A 12 0E 09 0F 08 07   135 	.db	0x12, 0x0E, 0x09, 0x0F, 0x08, 0x07, 0x07
        07
   01A1 FA 00               136 	.db	-6,0x00
   01A3 30                  137 	.db	48
   01A4 FF 00 BF 40 1C E3   138 	.db	0xFF, 0x00, 0xBF, 0x40, 0x1C, 0xE3, 0xC0, 0x3F
        C0 3F
   01AC F3 0C FF 81 7E 62   139 	.db	0xF3, 0x0C, 0xFF, 0x81, 0x7E, 0x62, 0x1C, 0x1C
        1C 1C
   01B4 BF 40 7F 80 3D C2   140 	.db	0xBF, 0x40, 0x7F, 0x80, 0x3D, 0xC2, 0x83, 0x7C
        83 7C
   01BC C7 38 FF 00 FF C3   141 	.db	0xC7, 0x38, 0xFF, 0x00, 0xFF, 0xC3, 0x3C, 0x3C
        3C 3C
   01C4 FC 04 FE 02 FF 01   142 	.db	0xFC, 0x04, 0xFE, 0x02, 0xFF, 0x01, 0xFE, 0x00
        FE 00
   01CC FE 06 F8 98 60 60   143 	.db	0xFE, 0x06, 0xF8, 0x98, 0x60, 0x60, 0x00, 0x00
        00 00
   01D4 00                  144 	.db	0
                            145 ;--------------------------------------------------------
                            146 ; Home
                            147 ;--------------------------------------------------------
                            148 	.area _HOME
                            149 	.area _CODE
                            150 ;--------------------------------------------------------
                            151 ; code
                            152 ;--------------------------------------------------------
                            153 	.area _CODE
                            154 	.area _CODE
ASxxxx Assembler V01.75  (GameBoy Z80-like CPU), page 1.

Symbol Table

    __initrleblock                     **** GX
  1 _background                        0010 GR
  1 _backgroundCGB                     0000 GR

ASxxxx Assembler V01.75  (GameBoy Z80-like CPU), page 2.

Area Table

   0 _CODE                              size    0   flags 0
   1 _DATA                              size  200   flags 0
   2 _OVERLAY                           size    0   flags 0
   3 _ISEG                              size    0   flags 0
   4 _BSEG                              size    0   flags 0
   5 _XSEG                              size    0   flags 0
   6 _GSINIT                            size  1D5   flags 0
   7 _GSFINAL                           size    0   flags 0
   8 _HOME                              size    0   flags 0
