AREA .  .ABS.
	RADIX HEX
	BASE 0000
	SIZE 0000
	ATTRIB ABS OVR
	GLOBALS
		l__HEAP	0000
		l__BSEG	0000
		l_.  .ABS.	0000
		l__GSFINAL	0000
		l__ISEG	0000
		s_.  .ABS.	0000
		s__HEADER	0000
		l__XSEG	0000
		.init	0000
		l__OVERLAY	0000
		l__LIT	0000
		l__GSINITTAIL	0001
		l__BSS	005C
		l__HOME	01D3
		l__HEADER	01E1
		s__CODE	0200
		l__BASE	026A
		l__GSINIT	03BA
		l__CODE	079E
		l__DATA	07D8
		s__HOME	099E
		s__BASE	0B71
		s__LIT	0DDB
		s__GSINIT	0DDB
		s__GSINITTAIL	1195
		s__GSFINAL	1196
		.OAM	C000
		s__DATA	C0A0
		s__BSS	C878
		s__HEAP	C8D4
		s__BSEG	C8D4
		s__ISEG	C8D4
		s__XSEG	C8D4
		s__OVERLAY	C8D4
		.STACK	E000
		.refresh_OAM	FF80
AREA _CODE
	RADIX HEX
	BASE 0200
	SIZE 079E
	ATTRIB REL CON
	GLOBALS
		_initRole	0200
		_spritepalette	02F4
		_bkgpalette	030C
		_main	0324
		_movegamecharacter	052B
		_set_bkg_palette_entry	07E1
		_set_sprite_palette_entry	0809
		_cpu_slow	0831
		_cpu_fast	084C
		_cgb_compatibility	0853
		__divschar_rrx_s	089C
		__divschar_rrx_hds	08A3
		__modschar_rrx_s	08AA
		__modschar_rrx_hds	08B1
		__divsint_rrx_s	08B6
		__divsint_rrx_hds	08C2
		__modsint_rrx_s	08CA
		__modsint_rrx_hds	08D6
		__divuchar_rrx_s	08DC
		__divuchar_rrx_hds	08E3
		__moduchar_rrx_s	08EA
		__moduchar_rrx_hds	08F1
		__divuint_rrx_s	08F6
		__divuint_rrx_hds	0902
		__moduint_rrx_s	090A
		__moduint_rrx_hds	0916
		.mod8	091C
		.div8	091C
		.mod16	0924
		.div16	0924
		.modu8	095E
		.divu8	095E
		.modu16	0961
		.divu16	0961
AREA _HEADER
	RADIX HEX
	BASE 0000
	SIZE 01E1
	ATTRIB ABS OVR
	GLOBALS
		_exit	01D2
AREA _HOME
	RADIX HEX
	BASE 099E
	SIZE 01D3
	ATTRIB REL CON
	GLOBALS
		.set_mode	099E
		.remove_VBL	09AE
		.remove_LCD	09B4
		.remove_TIM	09BA
		.remove_SIO	09C0
		.remove_JOY	09C6
		.add_VBL	09CC
		.add_LCD	09D2
		.add_TIM	09D8
		.add_SIO	09DE
		.add_JOY	09E4
		.remove_int	09EA
		.add_int	0A0A
		.wait_vbl_done	0A26
		_wait_vbl_done	0A26
		_display_off	0A3D
		.display_off	0A3D
		.serial_IO	0A5E
		_mode	0A8D
		_get_mode	0A96
		_enable_interrupts	0A9B
		_disable_interrupts	0A9D
		_reset	0A9F
		.reset	0A9F
		_set_interrupts	0AA5
		_remove_VBL	0AB0
		_remove_LCD	0ABB
		_remove_TIM	0AC6
		_remove_SIO	0AD1
		_remove_JOY	0ADC
		_add_VBL	0AE7
		_add_LCD	0AF2
		_add_TIM	0AFD
		_add_SIO	0B08
		_add_JOY	0B13
		_clock	0B1E
		__printTStates	0B27
		banked_call	0B28
		banked_ret	0B41
		__initrleblock	0B4A
AREA _BASE
	RADIX HEX
	BASE 0B71
	SIZE 026A
	ATTRIB REL CON
	GLOBALS
		.set_sprite_prop	0B71
		_set_sprite_prop	0B7E
		.mv_sprite	0B89
		_move_sprite	0B98
		_set_bkg_palette	0BA5
		_set_sprite_palette	0BD0
		_set_win_data	0BFB
		_set_bkg_data	0BFB
		_set_sprite_data	0C48
		.padup	0C77
		_waitpadup	0C77
		.jpad	0C87
		.wait_pad	0CB4
		_joypad	0CBB
		_waitpad	0CC0
		.set_sprite_tile	0CCA
		_set_sprite_tile	0CD7
		.delay	0CE2
		_delay	0D1C
		.get_sprite_prop	0D25
		_get_sprite_prop	0D32
		.copy_vram	0D3B
		_get_data	0D4A
		_set_data	0D4A
		_set_bkg_tiles	0D5D
		.set_xy_wtt	0D71
		.set_xy_btt	0D82
		.set_xy_tt	0D91
		_set_tiles	0DC2
AREA _LIT
	RADIX HEX
	BASE 0DDB
	SIZE 0000
	ATTRIB REL CON
AREA _GSINIT
	RADIX HEX
	BASE 0DDB
	SIZE 03BA
	ATTRIB REL CON
	GLOBALS
		gsinit	0DDB
AREA _GSINITTAIL
	RADIX HEX
	BASE 1195
	SIZE 0001
	ATTRIB REL CON
AREA _GSFINAL
	RADIX HEX
	BASE 1196
	SIZE 0000
	ATTRIB REL CON
AREA _DATA
	RADIX HEX
	BASE C0A0
	SIZE 07D8
	ATTRIB REL CON
	GLOBALS
		_run_index	C0A1
		_falsh_switch	C0A2
		_falsh_index	C0A3
		_role	C0A4
		_sprite_size	C0AD
		_marioCGB	C0AE
		_mario	C0B8
		_backgroundCGB	C1F8
		_background	C208
		_marioBGPLN0	C3F8
		_marioBGPLN1	C638
AREA _BSS
	RADIX HEX
	BASE C878
	SIZE 005C
	ATTRIB REL CON
	GLOBALS
		__cpu	C878
		.mode	C879
		__io_out	C87A
		__io_in	C87B
		__io_status	C87C
		.vbl_done	C87D
		__current_bank	C87E
		_sys_time	C87F
		.sys_time	C87F
		.int_0x40	C881
		.int_0x48	C891
		.int_0x50	C8A1
		.int_0x58	C8B1
		.int_0x60	C8C1
AREA _HEAP
	RADIX HEX
	BASE C8D4
	SIZE 0000
	ATTRIB REL CON
	GLOBALS
		_malloc_heap_start	C8D4
AREA _OVERLAY
	RADIX HEX
	BASE C8D4
	SIZE 0000
	ATTRIB REL CON
AREA _ISEG
	RADIX HEX
	BASE C8D4
	SIZE 0000
	ATTRIB REL CON
AREA _BSEG
	RADIX HEX
	BASE C8D4
	SIZE 0000
	ATTRIB REL CON
AREA _XSEG
	RADIX HEX
	BASE C8D4
	SIZE 0000
	ATTRIB REL CON
MODULES
	FILE /opt/gbdk/lib/small/asxxxx/gb/crt0.o
		NAME Runtime
	FILE main.o
		NAME lcc69470
	FILE game_role.o
		NAME lcc69510
	FILE mario.o
		NAME lcc69550
	FILE background.o
		NAME lcc69590
	FILE mario-bg.o
		NAME lcc69630
LIBRARIES
	LIBRARY /opt/gbdk/lib/small/asxxxx/gbz80/gbz80.lib
		MODULE crt0_rle.o
	LIBRARY /opt/gbdk/lib/small/asxxxx/gb/gb.lib
		MODULE set_prop.o
	LIBRARY /opt/gbdk/lib/small/asxxxx/gb/gb.lib
		MODULE mv_spr.o
	LIBRARY /opt/gbdk/lib/small/asxxxx/gb/gb.lib
		MODULE cgb.o
	LIBRARY /opt/gbdk/lib/small/asxxxx/gb/gb.lib
		MODULE set_data.o
	LIBRARY /opt/gbdk/lib/small/asxxxx/gbz80/gbz80.lib
		MODULE div.o
	LIBRARY /opt/gbdk/lib/small/asxxxx/gb/gb.lib
		MODULE pad.o
	LIBRARY /opt/gbdk/lib/small/asxxxx/gb/gb.lib
		MODULE set_spr.o
	LIBRARY /opt/gbdk/lib/small/asxxxx/gb/gb.lib
		MODULE delay.o
	LIBRARY /opt/gbdk/lib/small/asxxxx/gb/gb.lib
		MODULE get_prop.o
	LIBRARY /opt/gbdk/lib/small/asxxxx/gb/gb.lib
		MODULE cpy_data.o
	LIBRARY /opt/gbdk/lib/small/asxxxx/gb/gb.lib
		MODULE set_bk_t.o
	LIBRARY /opt/gbdk/lib/small/asxxxx/gb/gb.lib
		MODULE set_xy_t.o
USERBASEDEF
	_CODE=0x0200
	_DATA=0xC0A0
	_CODE_1=0x4000
USERGLOBALDEF
	.OAM=0xC000
	.STACK=0xE000
	.refresh_OAM=0xFF80
	.init=0x0000
