                              1 ;--------------------------------------------------------
                              2 ; File Created by SDCC : FreeWare ANSI-C Compiler
                              3 ; Version 2.3.1 Thu Mar  5 15:49:15 2020
                              4 
                              5 ;--------------------------------------------------------
                              6 	.module lcc69630
                              7 	
                              8 ;--------------------------------------------------------
                              9 ; Public variables in this module
                             10 ;--------------------------------------------------------
                             11 	.globl _marioBGPLN1
                             12 	.globl _marioBGPLN0
                             13 ;--------------------------------------------------------
                             14 ; special function registers
                             15 ;--------------------------------------------------------
                             16 ;--------------------------------------------------------
                             17 ; special function bits 
                             18 ;--------------------------------------------------------
                             19 ;--------------------------------------------------------
                             20 ; internal ram data
                             21 ;--------------------------------------------------------
                             22 	.area _DATA
   0000                      23 _marioBGPLN0::
   0000                      24 	.ds 576
   0240                      25 _marioBGPLN1::
   0240                      26 	.ds 576
                             27 ;--------------------------------------------------------
                             28 ; overlayable items in internal ram 
                             29 ;--------------------------------------------------------
                             30 	.area _OVERLAY
                             31 ;--------------------------------------------------------
                             32 ; indirectly addressable internal ram data
                             33 ;--------------------------------------------------------
                             34 	.area _ISEG
                             35 ;--------------------------------------------------------
                             36 ; bit data
                             37 ;--------------------------------------------------------
                             38 	.area _BSEG
                             39 ;--------------------------------------------------------
                             40 ; external ram data
                             41 ;--------------------------------------------------------
                             42 	.area _XSEG
                             43 ;--------------------------------------------------------
                             44 ; global & static initialisations
                             45 ;--------------------------------------------------------
                             46 	.area _GSINIT
                             47 	.area _GSFINAL
                             48 	.area _GSINIT
                             49 ;	mario-bg.c 26
                             50 ;	mario-bg.c 149
                             51 ;	genArrayInit
                             52 ; _saveRegsForCall: sendSetSize: 0 deInUse: 0 bcInUse: 0 deSending: 0
   0000 21 00 00             53 	ld	hl,#_marioBGPLN0
   0003 CD 00 00             54 	call	__initrleblock
   0006 EA 00                55 	.db	-22,0x00
   0008 02                   56 	.db	2
   0009 18 19                57 	.db	0x18, 0x19
   000B E3 00                58 	.db	-29,0x00
   000D 04                   59 	.db	4
   000E 17 1F 1F 1A          60 	.db	0x17, 0x1F, 0x1F, 0x1A
   0012 F1 00                61 	.db	-15,0x00
   0014 04                   62 	.db	4
   0015 18 19 18 19          63 	.db	0x18, 0x19, 0x18, 0x19
   0019 F7 00                64 	.db	-9,0x00
   001B 04                   65 	.db	4
   001C 1B 1C 1D 1E          66 	.db	0x1B, 0x1C, 0x1D, 0x1E
   0020 F2 00                67 	.db	-14,0x00
   0022 06                   68 	.db	6
   0023 17 1F 1F 1F 1F 1A    69 	.db	0x17, 0x1F, 0x1F, 0x1F, 0x1F, 0x1A
   0029 E6 00                70 	.db	-26,0x00
   002B 06                   71 	.db	6
   002C 1B 1C 1D 1C 1D 1E    72 	.db	0x1B, 0x1C, 0x1D, 0x1C, 0x1D, 0x1E
   0032 81 00                73 	.db	-127,0x00
   0034 81 00                74 	.db	-127,0x00
   0036 CB 00                75 	.db	-53,0x00
   0038 20                   76 	.db	32
   0039 13 14 15 16 13 14    77 	.db	0x13, 0x14, 0x15, 0x16, 0x13, 0x14, 0x15, 0x16
        15 16
   0041 13 14 15 16 13 14    78 	.db	0x13, 0x14, 0x15, 0x16, 0x13, 0x14, 0x15, 0x16
        15 16
   0049 13 14 15 16 13 14    79 	.db	0x13, 0x14, 0x15, 0x16, 0x13, 0x14, 0x15, 0x16
        15 16
   0051 13 14 15 16 13 14    80 	.db	0x13, 0x14, 0x15, 0x16, 0x13, 0x14, 0x15, 0x16
        15 16
   0059 A0 00                81 	.db	-96,0x00
   005B 00                   82 	.db	0
                             83 ;	mario-bg.c 88
                             84 ;	mario-bg.c 149
                             85 ;	genArrayInit
                             86 ; _saveRegsForCall: sendSetSize: 0 deInUse: 0 bcInUse: 0 deSending: 0
   005C 21 40 02             87 	ld	hl,#_marioBGPLN1
   005F CD 00 00             88 	call	__initrleblock
   0062 CA 01                89 	.db	-54,0x01
   0064 02                   90 	.db	2
   0065 00 00                91 	.db	0x00, 0x00
   0067 D0 01                92 	.db	-48,0x01
   0069 04                   93 	.db	4
   006A 00 00 00 00          94 	.db	0x00, 0x00, 0x00, 0x00
   006E 81 01                95 	.db	-127,0x01
   0070 81 01                96 	.db	-127,0x01
   0072 AA 01                97 	.db	-86,0x01
   0074 E0 02                98 	.db	-32,0x02
   0076 A0 01                99 	.db	-96,0x01
   0078 00                  100 	.db	0
                            101 ;--------------------------------------------------------
                            102 ; Home
                            103 ;--------------------------------------------------------
                            104 	.area _HOME
                            105 	.area _CODE
                            106 ;--------------------------------------------------------
                            107 ; code
                            108 ;--------------------------------------------------------
                            109 	.area _CODE
                            110 	.area _CODE
ASxxxx Assembler V01.75  (GameBoy Z80-like CPU), page 1.

Symbol Table

    __initrleblock                     **** GX
  1 _marioBGPLN0                       0000 GR
  1 _marioBGPLN1                       0240 GR

ASxxxx Assembler V01.75  (GameBoy Z80-like CPU), page 2.

Area Table

   0 _CODE                              size    0   flags 0
   1 _DATA                              size  480   flags 0
   2 _OVERLAY                           size    0   flags 0
   3 _ISEG                              size    0   flags 0
   4 _BSEG                              size    0   flags 0
   5 _XSEG                              size    0   flags 0
   6 _GSINIT                            size   79   flags 0
   7 _GSFINAL                           size    0   flags 0
   8 _HOME                              size    0   flags 0
