                              1 ;--------------------------------------------------------
                              2 ; File Created by SDCC : FreeWare ANSI-C Compiler
                              3 ; Version 2.3.1 Thu Mar  5 15:49:15 2020
                              4 
                              5 ;--------------------------------------------------------
                              6 	.module lcc69550
                              7 	
                              8 ;--------------------------------------------------------
                              9 ; Public variables in this module
                             10 ;--------------------------------------------------------
                             11 	.globl _mario
                             12 	.globl _marioCGB
                             13 ;--------------------------------------------------------
                             14 ; special function registers
                             15 ;--------------------------------------------------------
                             16 ;--------------------------------------------------------
                             17 ; special function bits 
                             18 ;--------------------------------------------------------
                             19 ;--------------------------------------------------------
                             20 ; internal ram data
                             21 ;--------------------------------------------------------
                             22 	.area _DATA
   0000                      23 _marioCGB::
   0000                      24 	.ds 10
   000A                      25 _mario::
   000A                      26 	.ds 320
                             27 ;--------------------------------------------------------
                             28 ; overlayable items in internal ram 
                             29 ;--------------------------------------------------------
                             30 	.area _OVERLAY
                             31 ;--------------------------------------------------------
                             32 ; indirectly addressable internal ram data
                             33 ;--------------------------------------------------------
                             34 	.area _ISEG
                             35 ;--------------------------------------------------------
                             36 ; bit data
                             37 ;--------------------------------------------------------
                             38 	.area _BSEG
                             39 ;--------------------------------------------------------
                             40 ; external ram data
                             41 ;--------------------------------------------------------
                             42 	.area _XSEG
                             43 ;--------------------------------------------------------
                             44 ; global & static initialisations
                             45 ;--------------------------------------------------------
                             46 	.area _GSINIT
                             47 	.area _GSFINAL
                             48 	.area _GSINIT
                             49 ;	mario.c 26
                             50 ;	mario.c 75
                             51 ;	genArrayInit
                             52 ; _saveRegsForCall: sendSetSize: 0 deInUse: 0 bcInUse: 0 deSending: 0
   0000 21 00 00             53 	ld	hl,#_marioCGB
   0003 CD 00 00             54 	call	__initrleblock
   0006 F6 00                55 	.db	-10,0x00
   0008 00                   56 	.db	0
                             57 ;	mario.c 32
                             58 ;	mario.c 75
                             59 ;	genArrayInit
                             60 ; _saveRegsForCall: sendSetSize: 0 deInUse: 0 bcInUse: 0 deSending: 0
   0009 21 0A 00             61 	ld	hl,#_mario
   000C CD 00 00             62 	call	__initrleblock
   000F 7F                   63 	.db	127
   0010 07 07 0F 0F 01 0E    64 	.db	0x07, 0x07, 0x0F, 0x0F, 0x01, 0x0E, 0x0B, 0x14
        0B 14
   0018 09 16 07 18 07 00    65 	.db	0x09, 0x16, 0x07, 0x18, 0x07, 0x00, 0x02, 0x0F
        02 0F
   0020 02 1F 03 3F 37 0D    66 	.db	0x02, 0x1F, 0x03, 0x3F, 0x37, 0x0D, 0x3F, 0x07
        3F 07
   0028 3F 0F 0E 0E 00 1C    67 	.db	0x3F, 0x0F, 0x0E, 0x0E, 0x00, 0x1C, 0x00, 0x3C
        00 3C
   0030 C0 C0 F8 F8 A0 40    68 	.db	0xC0, 0xC0, 0xF8, 0xF8, 0xA0, 0x40, 0xB8, 0x40
        B8 40
   0038 DC 20 80 78 F0 00    69 	.db	0xDC, 0x20, 0x80, 0x78, 0xF0, 0x00, 0x00, 0xC0
        00 C0
   0040 40 F8 C0 FC EC B0    70 	.db	0x40, 0xF8, 0xC0, 0xFC, 0xEC, 0xB0, 0xFC, 0xE0
        FC E0
   0048 FC F0 70 70 00 38    71 	.db	0xFC, 0xF0, 0x70, 0x70, 0x00, 0x38, 0x00, 0x3C
        00 3C
   0050 07 07 0F 1F 00 3F    72 	.db	0x07, 0x07, 0x0F, 0x1F, 0x00, 0x3F, 0x6D, 0x12
        6D 12
   0058 6C 13 37 08 1C 1F    73 	.db	0x6C, 0x13, 0x37, 0x08, 0x1C, 0x1F, 0x3E, 0x31
        3E 31
   0060 2E 31 3E 39 1F 1F    74 	.db	0x2E, 0x31, 0x3E, 0x39, 0x1F, 0x1F, 0x11, 0x1F
        11 1F
   0068 00 0F 0C 5F 02 7E    75 	.db	0x00, 0x0F, 0x0C, 0x5F, 0x02, 0x7E, 0x00, 0x3C
        00 3C
   0070 C0 C0 F0 F0 A0 40    76 	.db	0xC0, 0xC0, 0xF0, 0xF0, 0xA0, 0x40, 0xF8, 0x00
        F8 00
   0078 CC 30 E0 18 70 C0    77 	.db	0xCC, 0x30, 0xE0, 0x18, 0x70, 0xC0, 0xC0, 0xF8
        C0 F8
   0080 00 F8 00 F8 00 F0    78 	.db	0x00, 0xF8, 0x00, 0xF8, 0x00, 0xF0, 0xE0, 0xE0
        E0 E0
   0088 E0 E0 40 C0 00 00    79 	.db	0xE0, 0xE0, 0x40, 0xC0, 0x00, 0x00, 0x00
        00
   008F 7F                   80 	.db	127
   0090 00 07 07 0F 0F 01    81 	.db	0x00, 0x07, 0x07, 0x0F, 0x0F, 0x01, 0x0E, 0x0B
        0E 0B
   0098 14 09 16 07 18 07    82 	.db	0x14, 0x09, 0x16, 0x07, 0x18, 0x07, 0x00, 0x02
        00 02
   00A0 07 01 1F 03 1F 01    83 	.db	0x07, 0x01, 0x1F, 0x03, 0x1F, 0x01, 0x1F, 0x13
        1F 13
   00A8 1C 0B 0C 07 07 00    84 	.db	0x1C, 0x0B, 0x0C, 0x07, 0x07, 0x00, 0x03, 0x00
        03 00
   00B0 03 C0 C0 F8 F8 A0    85 	.db	0x03, 0xC0, 0xC0, 0xF8, 0xF8, 0xA0, 0x40, 0xB8
        40 B8
   00B8 40 DC 20 80 78 F0    86 	.db	0x40, 0xDC, 0x20, 0x80, 0x78, 0xF0, 0x00, 0x00
        00 00
   00C0 C0 80 E0 E0 60 F0    87 	.db	0xC0, 0x80, 0xE0, 0xE0, 0x60, 0xF0, 0xF0, 0xF0
        F0 F0
   00C8 70 E0 E0 00 E0 00    88 	.db	0x70, 0xE0, 0xE0, 0x00, 0xE0, 0x00, 0xF0, 0x00
        F0 00
   00D0 80 03 03 07 07 00    89 	.db	0x80, 0x03, 0x03, 0x07, 0x07, 0x00, 0x07, 0x05
        07 05
   00D8 0A 04 0B 03 0C 03    90 	.db	0x0A, 0x04, 0x0B, 0x03, 0x0C, 0x03, 0x00, 0x00
        00 00
   00E0 07 08 07 1C 07 07    91 	.db	0x07, 0x08, 0x07, 0x1C, 0x07, 0x07, 0x1F, 0x0F
        1F 0F
   00E8 1F 0E 3E 00 21 00    92 	.db	0x1F, 0x0E, 0x3E, 0x00, 0x21, 0x00, 0x01, 0x00
        01 00
   00F0 00 E0 E0 FC FC D0    93 	.db	0x00, 0xE0, 0xE0, 0xFC, 0xFC, 0xD0, 0x20, 0xDC
        20 DC
   00F8 20 EE 10 C0 3C F8    94 	.db	0x20, 0xEE, 0x10, 0xC0, 0x3C, 0xF8, 0x00, 0x48
        00 48
   0100 E0 1C E0 18 E0 F0    95 	.db	0xE0, 0x1C, 0xE0, 0x18, 0xE0, 0xF0, 0xF0, 0xF0
        F0 F0
   0108 F0 E0 E0 00 C0 00    96 	.db	0xF0, 0xE0, 0xE0, 0x00, 0xC0, 0x00, 0xE0
        E0
   010F 42                   97 	.db	66
   0110 00 00 07 07 0F 0F    98 	.db	0x00, 0x00, 0x07, 0x07, 0x0F, 0x0F, 0x01, 0x0E
        01 0E
   0118 0B 14 09 16 07 18    99 	.db	0x0B, 0x14, 0x09, 0x16, 0x07, 0x18, 0x07, 0x00
        07 00
   0120 03 3F C3 3F E2 0E   100 	.db	0x03, 0x3F, 0xC3, 0x3F, 0xE2, 0x0E, 0xCF, 0x0F
        CF 0F
   0128 1F 1F 3F 3F 1C 7C   101 	.db	0x1F, 0x1F, 0x3F, 0x3F, 0x1C, 0x7C, 0x00, 0x70
        00 70
   0130 00 38 C0 C0 F8 F8   102 	.db	0x00, 0x38, 0xC0, 0xC0, 0xF8, 0xF8, 0xA0, 0x40
        A0 40
   0138 B8 40 DC 20 80 78   103 	.db	0xB8, 0x40, 0xDC, 0x20, 0x80, 0x78, 0xF0, 0x00
        F0 00
   0140 00 C0 8E F0 E6 F8   104 	.db	0x00, 0xC0, 0x8E, 0xF0, 0xE6, 0xF8, 0xE0, 0xE4
        E0 E4
   0148 F0 FC F0 FC 70 7C   105 	.db	0xF0, 0xFC, 0xF0, 0xFC, 0x70, 0x7C, 0x00, 0x00
        00 00
   0150 00 00               106 	.db	0x00, 0x00
   0152 00                  107 	.db	0
                            108 ;--------------------------------------------------------
                            109 ; Home
                            110 ;--------------------------------------------------------
                            111 	.area _HOME
                            112 	.area _CODE
                            113 ;--------------------------------------------------------
                            114 ; code
                            115 ;--------------------------------------------------------
                            116 	.area _CODE
                            117 	.area _CODE
ASxxxx Assembler V01.75  (GameBoy Z80-like CPU), page 1.

Symbol Table

    __initrleblock                     **** GX
  1 _mario                             000A GR
  1 _marioCGB                          0000 GR

ASxxxx Assembler V01.75  (GameBoy Z80-like CPU), page 2.

Area Table

   0 _CODE                              size    0   flags 0
   1 _DATA                              size  14A   flags 0
   2 _OVERLAY                           size    0   flags 0
   3 _ISEG                              size    0   flags 0
   4 _BSEG                              size    0   flags 0
   5 _XSEG                              size    0   flags 0
   6 _GSINIT                            size  153   flags 0
   7 _GSFINAL                           size    0   flags 0
   8 _HOME                              size    0   flags 0
