AREA .  .ABS.
	RADIX HEX
	BASE 0000
	SIZE 0000
	ATTRIB ABS OVR
	GLOBALS
		l__HEAP	0000
		l__BSEG	0000
		l_.  .ABS.	0000
		l__GSFINAL	0000
		l__ISEG	0000
		s_.  .ABS.	0000
		s__HEADER	0000
		l__XSEG	0000
		.init	0000
		l__OVERLAY	0000
		l__LIT	0000
		l__GSINITTAIL	0001
		l__BSS	0059
		l__DATA	0141
		l__GSINIT	014F
		l__CODE	016E
		l__BASE	0186
		l__HOME	01D3
		l__HEADER	01E1
		s__CODE	0200
		s__HOME	036E
		s__BASE	0541
		s__LIT	06C7
		s__GSINIT	06C7
		s__GSINITTAIL	0816
		s__GSFINAL	0817
		.OAM	C000
		s__DATA	C0A0
		s__BSS	C1E1
		s__HEAP	C23A
		s__BSEG	C23A
		s__ISEG	C23A
		s__XSEG	C23A
		s__OVERLAY	C23A
		.STACK	E000
		.refresh_OAM	FF80
AREA _CODE
	RADIX HEX
	BASE 0200
	SIZE 016E
	ATTRIB REL CON
	GLOBALS
		_main	0200
AREA _HEADER
	RADIX HEX
	BASE 0000
	SIZE 01E1
	ATTRIB ABS OVR
	GLOBALS
		_exit	01D2
AREA _HOME
	RADIX HEX
	BASE 036E
	SIZE 01D3
	ATTRIB REL CON
	GLOBALS
		.set_mode	036E
		.remove_VBL	037E
		.remove_LCD	0384
		.remove_TIM	038A
		.remove_SIO	0390
		.remove_JOY	0396
		.add_VBL	039C
		.add_LCD	03A2
		.add_TIM	03A8
		.add_SIO	03AE
		.add_JOY	03B4
		.remove_int	03BA
		.add_int	03DA
		.wait_vbl_done	03F6
		_wait_vbl_done	03F6
		_display_off	040D
		.display_off	040D
		.serial_IO	042E
		_mode	045D
		_get_mode	0466
		_enable_interrupts	046B
		_disable_interrupts	046D
		_reset	046F
		.reset	046F
		_set_interrupts	0475
		_remove_VBL	0480
		_remove_LCD	048B
		_remove_TIM	0496
		_remove_SIO	04A1
		_remove_JOY	04AC
		_add_VBL	04B7
		_add_LCD	04C2
		_add_TIM	04CD
		_add_SIO	04D8
		_add_JOY	04E3
		_clock	04EE
		__printTStates	04F7
		banked_call	04F8
		banked_ret	0511
		__initrleblock	051A
AREA _BASE
	RADIX HEX
	BASE 0541
	SIZE 0186
	ATTRIB REL CON
	GLOBALS
		.mv_sprite	0541
		_move_sprite	0550
		_set_win_data	055D
		_set_bkg_data	055D
		_set_sprite_data	05AA
		.scroll_sprite	05D9
		_scroll_sprite	05EA
		.padup	05F7
		_waitpadup	05F7
		.jpad	0607
		.wait_pad	0634
		_joypad	063B
		_waitpad	0640
		.set_sprite_tile	064A
		_set_sprite_tile	0657
		.delay	0662
		_delay	069C
		.copy_vram	06A5
		_get_data	06B4
		_set_data	06B4
AREA _LIT
	RADIX HEX
	BASE 06C7
	SIZE 0000
	ATTRIB REL CON
AREA _GSINIT
	RADIX HEX
	BASE 06C7
	SIZE 014F
	ATTRIB REL CON
	GLOBALS
		gsinit	06C7
AREA _GSINITTAIL
	RADIX HEX
	BASE 0816
	SIZE 0001
	ATTRIB REL CON
AREA _GSFINAL
	RADIX HEX
	BASE 0817
	SIZE 0000
	ATTRIB REL CON
AREA _DATA
	RADIX HEX
	BASE C0A0
	SIZE 0141
	ATTRIB REL CON
	GLOBALS
		_mario	C0A0
		_run_index	C1E0
AREA _BSS
	RADIX HEX
	BASE C1E1
	SIZE 0059
	ATTRIB REL CON
	GLOBALS
		__cpu	C1E1
		.mode	C1E2
		__io_out	C1E3
		__io_in	C1E4
		__io_status	C1E5
		.vbl_done	C1E6
		__current_bank	C1E7
		_sys_time	C1E8
		.sys_time	C1E8
		.int_0x40	C1EA
		.int_0x48	C1FA
		.int_0x50	C20A
		.int_0x58	C21A
		.int_0x60	C22A
AREA _HEAP
	RADIX HEX
	BASE C23A
	SIZE 0000
	ATTRIB REL CON
	GLOBALS
		_malloc_heap_start	C23A
AREA _OVERLAY
	RADIX HEX
	BASE C23A
	SIZE 0000
	ATTRIB REL CON
AREA _ISEG
	RADIX HEX
	BASE C23A
	SIZE 0000
	ATTRIB REL CON
AREA _BSEG
	RADIX HEX
	BASE C23A
	SIZE 0000
	ATTRIB REL CON
AREA _XSEG
	RADIX HEX
	BASE C23A
	SIZE 0000
	ATTRIB REL CON
MODULES
	FILE /opt/gbdk/lib/small/asxxxx/gb/crt0.o
		NAME Runtime
	FILE main.o
		NAME lcc50800
LIBRARIES
	LIBRARY /opt/gbdk/lib/small/asxxxx/gbz80/gbz80.lib
		MODULE crt0_rle.o
	LIBRARY /opt/gbdk/lib/small/asxxxx/gb/gb.lib
		MODULE mv_spr.o
	LIBRARY /opt/gbdk/lib/small/asxxxx/gb/gb.lib
		MODULE set_data.o
	LIBRARY /opt/gbdk/lib/small/asxxxx/gb/gb.lib
		MODULE scroll_s.o
	LIBRARY /opt/gbdk/lib/small/asxxxx/gb/gb.lib
		MODULE pad.o
	LIBRARY /opt/gbdk/lib/small/asxxxx/gb/gb.lib
		MODULE set_spr.o
	LIBRARY /opt/gbdk/lib/small/asxxxx/gb/gb.lib
		MODULE delay.o
	LIBRARY /opt/gbdk/lib/small/asxxxx/gb/gb.lib
		MODULE cpy_data.o
USERBASEDEF
	_CODE=0x0200
	_DATA=0xC0A0
	_CODE_1=0x4000
USERGLOBALDEF
	.OAM=0xC000
	.STACK=0xE000
	.refresh_OAM=0xFF80
	.init=0x0000
