                              1 ;--------------------------------------------------------
                              2 ; File Created by SDCC : FreeWare ANSI-C Compiler
                              3 ; Version 2.3.1 Tue Feb  4 17:17:35 2020
                              4 
                              5 ;--------------------------------------------------------
                              6 	.module lcc50800
                              7 	
                              8 ;--------------------------------------------------------
                              9 ; Public variables in this module
                             10 ;--------------------------------------------------------
                             11 	.globl _main
                             12 	.globl _run_index
                             13 	.globl _mario
                             14 ;--------------------------------------------------------
                             15 ; special function registers
                             16 ;--------------------------------------------------------
                             17 ;--------------------------------------------------------
                             18 ; special function bits 
                             19 ;--------------------------------------------------------
                             20 ;--------------------------------------------------------
                             21 ; internal ram data
                             22 ;--------------------------------------------------------
                             23 	.area _DATA
   0000                      24 _mario::
   0000                      25 	.ds 320
   0140                      26 _run_index::
   0140                      27 	.ds 1
                             28 ;--------------------------------------------------------
                             29 ; overlayable items in internal ram 
                             30 ;--------------------------------------------------------
                             31 	.area _OVERLAY
                             32 ;--------------------------------------------------------
                             33 ; indirectly addressable internal ram data
                             34 ;--------------------------------------------------------
                             35 	.area _ISEG
                             36 ;--------------------------------------------------------
                             37 ; bit data
                             38 ;--------------------------------------------------------
                             39 	.area _BSEG
                             40 ;--------------------------------------------------------
                             41 ; external ram data
                             42 ;--------------------------------------------------------
                             43 	.area _XSEG
                             44 ;--------------------------------------------------------
                             45 ; global & static initialisations
                             46 ;--------------------------------------------------------
                             47 	.area _GSINIT
                             48 	.area _GSFINAL
                             49 	.area _GSINIT
                             50 ;	main.c 26
                             51 ;	main.c 61
                             52 ;	genArrayInit
                             53 ; _saveRegsForCall: sendSetSize: 0 deInUse: 0 bcInUse: 0 deSending: 0
   0000 21 00 00             54 	ld	hl,#_mario
   0003 CD 00 00             55 	call	__initrleblock
   0006 7F                   56 	.db	127
   0007 07 07 0F 0F 01 0E    57 	.db	0x07, 0x07, 0x0F, 0x0F, 0x01, 0x0E, 0x0B, 0x14
        0B 14
   000F 09 16 07 18 07 00    58 	.db	0x09, 0x16, 0x07, 0x18, 0x07, 0x00, 0x02, 0x0F
        02 0F
   0017 02 1F 03 3F 37 0D    59 	.db	0x02, 0x1F, 0x03, 0x3F, 0x37, 0x0D, 0x3F, 0x07
        3F 07
   001F 3F 0F 0E 0E 00 1C    60 	.db	0x3F, 0x0F, 0x0E, 0x0E, 0x00, 0x1C, 0x00, 0x3C
        00 3C
   0027 C0 C0 F8 F8 A0 40    61 	.db	0xC0, 0xC0, 0xF8, 0xF8, 0xA0, 0x40, 0xB8, 0x40
        B8 40
   002F DC 20 80 78 F0 00    62 	.db	0xDC, 0x20, 0x80, 0x78, 0xF0, 0x00, 0x00, 0xC0
        00 C0
   0037 40 F8 C0 FC EC B0    63 	.db	0x40, 0xF8, 0xC0, 0xFC, 0xEC, 0xB0, 0xFC, 0xE0
        FC E0
   003F FC F0 70 70 00 38    64 	.db	0xFC, 0xF0, 0x70, 0x70, 0x00, 0x38, 0x00, 0x3C
        00 3C
   0047 07 07 0F 1F 00 3F    65 	.db	0x07, 0x07, 0x0F, 0x1F, 0x00, 0x3F, 0x6D, 0x12
        6D 12
   004F 6C 13 37 08 1C 1F    66 	.db	0x6C, 0x13, 0x37, 0x08, 0x1C, 0x1F, 0x3E, 0x31
        3E 31
   0057 2E 31 3E 39 1F 1F    67 	.db	0x2E, 0x31, 0x3E, 0x39, 0x1F, 0x1F, 0x11, 0x1F
        11 1F
   005F 00 0F 0C 5F 02 7E    68 	.db	0x00, 0x0F, 0x0C, 0x5F, 0x02, 0x7E, 0x00, 0x3C
        00 3C
   0067 C0 C0 F0 F0 A0 40    69 	.db	0xC0, 0xC0, 0xF0, 0xF0, 0xA0, 0x40, 0xF8, 0x00
        F8 00
   006F CC 30 E0 18 70 C0    70 	.db	0xCC, 0x30, 0xE0, 0x18, 0x70, 0xC0, 0xC0, 0xF8
        C0 F8
   0077 00 F8 00 F8 00 F0    71 	.db	0x00, 0xF8, 0x00, 0xF8, 0x00, 0xF0, 0xE0, 0xE0
        E0 E0
   007F E0 E0 40 C0 00 00    72 	.db	0xE0, 0xE0, 0x40, 0xC0, 0x00, 0x00, 0x00
        00
   0086 7F                   73 	.db	127
   0087 00 07 07 0F 0F 01    74 	.db	0x00, 0x07, 0x07, 0x0F, 0x0F, 0x01, 0x0E, 0x0B
        0E 0B
   008F 14 09 16 07 18 07    75 	.db	0x14, 0x09, 0x16, 0x07, 0x18, 0x07, 0x00, 0x02
        00 02
   0097 07 01 1F 03 1F 01    76 	.db	0x07, 0x01, 0x1F, 0x03, 0x1F, 0x01, 0x1F, 0x13
        1F 13
   009F 1C 0B 0C 07 07 00    77 	.db	0x1C, 0x0B, 0x0C, 0x07, 0x07, 0x00, 0x03, 0x00
        03 00
   00A7 03 C0 C0 F8 F8 A0    78 	.db	0x03, 0xC0, 0xC0, 0xF8, 0xF8, 0xA0, 0x40, 0xB8
        40 B8
   00AF 40 DC 20 80 78 F0    79 	.db	0x40, 0xDC, 0x20, 0x80, 0x78, 0xF0, 0x00, 0x00
        00 00
   00B7 C0 80 E0 E0 60 F0    80 	.db	0xC0, 0x80, 0xE0, 0xE0, 0x60, 0xF0, 0xF0, 0xF0
        F0 F0
   00BF 70 E0 E0 00 E0 00    81 	.db	0x70, 0xE0, 0xE0, 0x00, 0xE0, 0x00, 0xF0, 0x00
        F0 00
   00C7 80 03 03 07 07 00    82 	.db	0x80, 0x03, 0x03, 0x07, 0x07, 0x00, 0x07, 0x05
        07 05
   00CF 0A 04 0B 03 0C 03    83 	.db	0x0A, 0x04, 0x0B, 0x03, 0x0C, 0x03, 0x00, 0x00
        00 00
   00D7 07 08 07 1C 07 07    84 	.db	0x07, 0x08, 0x07, 0x1C, 0x07, 0x07, 0x1F, 0x0F
        1F 0F
   00DF 1F 0E 3E 00 21 00    85 	.db	0x1F, 0x0E, 0x3E, 0x00, 0x21, 0x00, 0x01, 0x00
        01 00
   00E7 00 E0 E0 FC FC D0    86 	.db	0x00, 0xE0, 0xE0, 0xFC, 0xFC, 0xD0, 0x20, 0xDC
        20 DC
   00EF 20 EE 10 C0 3C F8    87 	.db	0x20, 0xEE, 0x10, 0xC0, 0x3C, 0xF8, 0x00, 0x48
        00 48
   00F7 E0 1C E0 18 E0 F0    88 	.db	0xE0, 0x1C, 0xE0, 0x18, 0xE0, 0xF0, 0xF0, 0xF0
        F0 F0
   00FF F0 E0 E0 00 C0 00    89 	.db	0xF0, 0xE0, 0xE0, 0x00, 0xC0, 0x00, 0xE0
        E0
   0106 42                   90 	.db	66
   0107 00 00 07 07 0F 0F    91 	.db	0x00, 0x00, 0x07, 0x07, 0x0F, 0x0F, 0x01, 0x0E
        01 0E
   010F 0B 14 09 16 07 18    92 	.db	0x0B, 0x14, 0x09, 0x16, 0x07, 0x18, 0x07, 0x00
        07 00
   0117 03 3F C3 3F E2 0E    93 	.db	0x03, 0x3F, 0xC3, 0x3F, 0xE2, 0x0E, 0xCF, 0x0F
        CF 0F
   011F 1F 1F 3F 3F 1C 7C    94 	.db	0x1F, 0x1F, 0x3F, 0x3F, 0x1C, 0x7C, 0x00, 0x70
        00 70
   0127 00 38 C0 C0 F8 F8    95 	.db	0x00, 0x38, 0xC0, 0xC0, 0xF8, 0xF8, 0xA0, 0x40
        A0 40
   012F B8 40 DC 20 80 78    96 	.db	0xB8, 0x40, 0xDC, 0x20, 0x80, 0x78, 0xF0, 0x00
        F0 00
   0137 00 C0 8E F0 E6 F8    97 	.db	0x00, 0xC0, 0x8E, 0xF0, 0xE6, 0xF8, 0xE0, 0xE4
        E0 E4
   013F F0 FC F0 FC 70 7C    98 	.db	0xF0, 0xFC, 0xF0, 0xFC, 0x70, 0x7C, 0x00, 0x00
        00 00
   0147 00 00                99 	.db	0x00, 0x00
   0149 00                  100 	.db	0
                            101 ;	main.c 5
                            102 ;	genAssign
                            103 ;	AOP_HL for _run_index
   014A 21 40 01            104 	ld	hl,#_run_index
   014D 36 00               105 	ld	(hl),#0x00
                            106 ;--------------------------------------------------------
                            107 ; Home
                            108 ;--------------------------------------------------------
                            109 	.area _HOME
                            110 	.area _CODE
                            111 ;--------------------------------------------------------
                            112 ; code
                            113 ;--------------------------------------------------------
                            114 	.area _CODE
                            115 ;	main.c 7
                            116 ;	genLabel
                            117 ;	genFunction
                            118 ;	---------------------------------
                            119 ; Function main
                            120 ; ---------------------------------
   0000                     121 ___main_start:
   0000                     122 _main:
   0000 E8 FD               123 	lda	sp,-3(sp)
                            124 ;	main.c 9
                            125 ;	genAssign
   0002 01 40 FF            126 	ld	bc,#0xFF40
                            127 ;	genAssign
                            128 ;	AOP_STK for _main_sloc0_1_0
   0005 F8 01               129 	lda	hl,1(sp)
   0007 36 40               130 	ld	(hl),#0x40
   0009 23                  131 	inc	hl
   000A 36 FF               132 	ld	(hl),#0xFF
                            133 ;	genPointerGet
                            134 ;	AOP_STK for _main_sloc0_1_0
                            135 ;	AOP_STK for _main_sloc1_1_0
   000C 2B                  136 	dec	hl
   000D 5E                  137 	ld	e,(hl)
   000E 23                  138 	inc	hl
   000F 56                  139 	ld	d,(hl)
   0010 1A                  140 	ld	a,(de)
   0011 2B                  141 	dec	hl
   0012 2B                  142 	dec	hl
                            143 ;	genOr
                            144 ;	AOP_STK for _main_sloc1_1_0
   0013 77                  145 	ld      (hl),a
                            146 ; Removed redundent load
   0014 F6 04               147 	or	a,#0x04
                            148 ;	genAssign (pointer)
   0016 02                  149 	ld	(bc),a
                            150 ;	main.c 10
                            151 ;	genIpush
                            152 ; _saveRegsForCall: sendSetSize: 0 deInUse: 0 bcInUse: 0 deSending: 0
   0017 21 00 00            153 	ld	hl,#_mario
   001A E5                  154 	push	hl
                            155 ;	genIpush
   001B 21 00 14            156 	ld	hl,#0x1400
   001E E5                  157 	push	hl
                            158 ;	genCall
   001F CD 00 00            159 	call	_set_sprite_data
   0022 E8 04               160 	lda	sp,4(sp)
                            161 ;	main.c 11
                            162 ;	genIpush
                            163 ; _saveRegsForCall: sendSetSize: 0 deInUse: 0 bcInUse: 0 deSending: 0
   0024 21 00 00            164 	ld	hl,#0x0000
   0027 E5                  165 	push	hl
                            166 ;	genCall
   0028 CD 00 00            167 	call	_set_sprite_tile
   002B E8 02               168 	lda	sp,2(sp)
                            169 ;	main.c 12
                            170 ;	genIpush
                            171 ; _saveRegsForCall: sendSetSize: 0 deInUse: 0 bcInUse: 0 deSending: 0
   002D 21 14 14            172 	ld	hl,#0x1414
   0030 E5                  173 	push	hl
                            174 ;	genIpush
   0031 3E 00               175 	ld	a,#0x00
   0033 F5                  176 	push	af
   0034 33                  177 	inc	sp
                            178 ;	genCall
   0035 CD 00 00            179 	call	_move_sprite
   0038 E8 03               180 	lda	sp,3(sp)
                            181 ;	main.c 13
                            182 ;	genIpush
                            183 ; _saveRegsForCall: sendSetSize: 0 deInUse: 0 bcInUse: 0 deSending: 0
   003A 21 01 02            184 	ld	hl,#0x0201
   003D E5                  185 	push	hl
                            186 ;	genCall
   003E CD 00 00            187 	call	_set_sprite_tile
   0041 E8 02               188 	lda	sp,2(sp)
                            189 ;	main.c 14
                            190 ;	genIpush
                            191 ; _saveRegsForCall: sendSetSize: 0 deInUse: 0 bcInUse: 0 deSending: 0
   0043 21 1C 14            192 	ld	hl,#0x141C
   0046 E5                  193 	push	hl
                            194 ;	genIpush
   0047 3E 01               195 	ld	a,#0x01
   0049 F5                  196 	push	af
   004A 33                  197 	inc	sp
                            198 ;	genCall
   004B CD 00 00            199 	call	_move_sprite
   004E E8 03               200 	lda	sp,3(sp)
                            201 ;	main.c 15
                            202 ;	genAssign
   0050 01 40 FF            203 	ld	bc,#0xFF40
                            204 ;	genAssign
                            205 ;	AOP_STK for _main_sloc0_1_0
   0053 F8 01               206 	lda	hl,1(sp)
   0055 36 40               207 	ld	(hl),#0x40
   0057 23                  208 	inc	hl
   0058 36 FF               209 	ld	(hl),#0xFF
                            210 ;	genPointerGet
                            211 ;	AOP_STK for _main_sloc0_1_0
                            212 ;	AOP_STK for _main_sloc1_1_0
   005A 2B                  213 	dec	hl
   005B 5E                  214 	ld	e,(hl)
   005C 23                  215 	inc	hl
   005D 56                  216 	ld	d,(hl)
   005E 1A                  217 	ld	a,(de)
   005F 2B                  218 	dec	hl
   0060 2B                  219 	dec	hl
                            220 ;	genOr
                            221 ;	AOP_STK for _main_sloc1_1_0
   0061 77                  222 	ld      (hl),a
                            223 ; Removed redundent load
   0062 F6 02               224 	or	a,#0x02
                            225 ;	genAssign (pointer)
   0064 02                  226 	ld	(bc),a
                            227 ;	main.c 16
                            228 ;	genLabel
   0065                     229 00114$:
                            230 ;	main.c 18
                            231 ;	genCall
                            232 ; _saveRegsForCall: sendSetSize: 0 deInUse: 0 bcInUse: 0 deSending: 0
   0065 CD 00 00            233 	call	_joypad
   0068 4B                  234 	ld	c,e
                            235 ;	genCmpEq
                            236 ; genCmpEq: left 1, right 1, result 0
   0069 79                  237 	ld	a,c
   006A FE 01               238 	cp	a,#0x01
   006C C2 D9 00            239 	jp	nz,00111$
   006F 18 03               240 	jr	00124$
   0071                     241 00123$:
   0071 C3 D9 00            242 	jp	00111$
   0074                     243 00124$:
                            244 ;	main.c 20
                            245 ;	genPlus
                            246 ;	AOP_HL for _run_index
                            247 ;	genPlusIncr
   0074 21 40 01            248 	ld	hl,#_run_index
   0077 4E                  249 	ld	c,(hl)
   0078 0C                  250 	inc	c
   0079 0C                  251 	inc	c
   007A 0C                  252 	inc	c
   007B 0C                  253 	inc	c
                            254 ;	genCast
                            255 ; Removed redundent load
   007C 06 00               256 	ld	b,#0x00
                            257 ;	genLeftShift
   007E CB 21               258 	sla	c
   0080 CB 10               259 	rl	b
                            260 ;	genCast
                            261 ;	AOP_STK for _main_sloc1_1_0
   0082 F8 00               262 	lda	hl,0(sp)
   0084 71                  263 	ld	(hl),c
                            264 ;	genIpush
                            265 ; _saveRegsForCall: sendSetSize: 0 deInUse: 0 bcInUse: 1 deSending: 0
   0085 C5                  266 	push	bc
                            267 ;	AOP_STK for _main_sloc1_1_0
   0086 7E                  268 	ld	a,(hl)
   0087 F5                  269 	push	af
   0088 33                  270 	inc	sp
                            271 ;	genIpush
   0089 3E 00               272 	ld	a,#0x00
   008B F5                  273 	push	af
   008C 33                  274 	inc	sp
                            275 ;	genCall
   008D CD 00 00            276 	call	_set_sprite_tile
   0090 E8 02               277 	lda	sp,2(sp)
   0092 C1                  278 	pop	bc
                            279 ;	main.c 21
                            280 ;	genPlus
                            281 ;	genPlusIncr
   0093 03                  282 	inc	bc
   0094 03                  283 	inc	bc
                            284 ;	genCast
                            285 ; Removed redundent load
                            286 ;	genIpush
                            287 ; _saveRegsForCall: sendSetSize: 0 deInUse: 0 bcInUse: 0 deSending: 0
   0095 79                  288 	ld	a,c
   0096 F5                  289 	push	af
   0097 33                  290 	inc	sp
                            291 ;	genIpush
   0098 3E 01               292 	ld	a,#0x01
   009A F5                  293 	push	af
   009B 33                  294 	inc	sp
                            295 ;	genCall
   009C CD 00 00            296 	call	_set_sprite_tile
   009F E8 02               297 	lda	sp,2(sp)
                            298 ;	main.c 23
                            299 ;	genIpush
                            300 ; _saveRegsForCall: sendSetSize: 0 deInUse: 0 bcInUse: 0 deSending: 0
   00A1 21 02 00            301 	ld	hl,#0x0002
   00A4 E5                  302 	push	hl
                            303 ;	genIpush
   00A5 3E 00               304 	ld	a,#0x00
   00A7 F5                  305 	push	af
   00A8 33                  306 	inc	sp
                            307 ;	genCall
   00A9 CD 00 00            308 	call	_scroll_sprite
   00AC E8 03               309 	lda	sp,3(sp)
                            310 ;	main.c 24
                            311 ;	genIpush
                            312 ; _saveRegsForCall: sendSetSize: 0 deInUse: 0 bcInUse: 0 deSending: 0
   00AE 21 02 00            313 	ld	hl,#0x0002
   00B1 E5                  314 	push	hl
                            315 ;	genIpush
   00B2 3E 01               316 	ld	a,#0x01
   00B4 F5                  317 	push	af
   00B5 33                  318 	inc	sp
                            319 ;	genCall
   00B6 CD 00 00            320 	call	_scroll_sprite
   00B9 E8 03               321 	lda	sp,3(sp)
                            322 ;	main.c 25
                            323 ;	genCmpEq
                            324 ;	AOP_HL for _run_index
                            325 ; genCmpEq: left 1, right 1, result 0
   00BB 21 40 01            326 	ld	hl,#_run_index
   00BE 7E                  327 	ld	a,(hl)
   00BF FE 04               328 	cp	a,#0x04
   00C1 C2 D1 00            329 	jp	nz,00102$
   00C4 18 03               330 	jr	00128$
   00C6                     331 00127$:
   00C6 C3 D1 00            332 	jp	00102$
   00C9                     333 00128$:
                            334 ;	main.c 27
                            335 ;	genAssign
                            336 ;	AOP_HL for _run_index
   00C9 21 40 01            337 	ld	hl,#_run_index
   00CC 36 00               338 	ld	(hl),#0x00
                            339 ;	genGoto
   00CE C3 5F 01            340 	jp	00112$
                            341 ;	genLabel
   00D1                     342 00102$:
                            343 ;	main.c 31
                            344 ;	genPlus
                            345 ;	AOP_HL for _run_index
                            346 ;	genPlusIncr
   00D1 21 40 01            347 	ld	hl,#_run_index
   00D4 34                  348 	inc	(hl)
   00D5 34                  349 	inc	(hl)
                            350 ;	genGoto
   00D6 C3 5F 01            351 	jp	00112$
                            352 ;	genLabel
   00D9                     353 00111$:
                            354 ;	main.c 35
                            355 ;	genCall
                            356 ; _saveRegsForCall: sendSetSize: 0 deInUse: 0 bcInUse: 0 deSending: 0
   00D9 CD 00 00            357 	call	_joypad
   00DC 4B                  358 	ld	c,e
                            359 ;	genCmpEq
                            360 ; genCmpEq: left 1, right 1, result 0
   00DD 79                  361 	ld	a,c
   00DE FE 02               362 	cp	a,#0x02
   00E0 C2 4D 01            363 	jp	nz,00108$
   00E3 18 03               364 	jr	00130$
   00E5                     365 00129$:
   00E5 C3 4D 01            366 	jp	00108$
   00E8                     367 00130$:
                            368 ;	main.c 37
                            369 ;	genPlus
                            370 ;	AOP_HL for _run_index
                            371 ;	genPlusIncr
   00E8 21 40 01            372 	ld	hl,#_run_index
   00EB 4E                  373 	ld	c,(hl)
   00EC 0C                  374 	inc	c
   00ED 0C                  375 	inc	c
   00EE 0C                  376 	inc	c
   00EF 0C                  377 	inc	c
                            378 ;	genCast
                            379 ; Removed redundent load
   00F0 06 00               380 	ld	b,#0x00
                            381 ;	genLeftShift
   00F2 CB 21               382 	sla	c
   00F4 CB 10               383 	rl	b
                            384 ;	genCast
                            385 ;	AOP_STK for _main_sloc1_1_0
   00F6 F8 00               386 	lda	hl,0(sp)
   00F8 71                  387 	ld	(hl),c
                            388 ;	genIpush
                            389 ; _saveRegsForCall: sendSetSize: 0 deInUse: 0 bcInUse: 1 deSending: 0
   00F9 C5                  390 	push	bc
                            391 ;	AOP_STK for _main_sloc1_1_0
   00FA 7E                  392 	ld	a,(hl)
   00FB F5                  393 	push	af
   00FC 33                  394 	inc	sp
                            395 ;	genIpush
   00FD 3E 00               396 	ld	a,#0x00
   00FF F5                  397 	push	af
   0100 33                  398 	inc	sp
                            399 ;	genCall
   0101 CD 00 00            400 	call	_set_sprite_tile
   0104 E8 02               401 	lda	sp,2(sp)
   0106 C1                  402 	pop	bc
                            403 ;	main.c 38
                            404 ;	genPlus
                            405 ;	genPlusIncr
   0107 03                  406 	inc	bc
   0108 03                  407 	inc	bc
                            408 ;	genCast
                            409 ; Removed redundent load
                            410 ;	genIpush
                            411 ; _saveRegsForCall: sendSetSize: 0 deInUse: 0 bcInUse: 0 deSending: 0
   0109 79                  412 	ld	a,c
   010A F5                  413 	push	af
   010B 33                  414 	inc	sp
                            415 ;	genIpush
   010C 3E 01               416 	ld	a,#0x01
   010E F5                  417 	push	af
   010F 33                  418 	inc	sp
                            419 ;	genCall
   0110 CD 00 00            420 	call	_set_sprite_tile
   0113 E8 02               421 	lda	sp,2(sp)
                            422 ;	main.c 40
                            423 ;	genIpush
                            424 ; _saveRegsForCall: sendSetSize: 0 deInUse: 0 bcInUse: 0 deSending: 0
   0115 21 FE 00            425 	ld	hl,#0x00FE
   0118 E5                  426 	push	hl
                            427 ;	genIpush
   0119 3E 00               428 	ld	a,#0x00
   011B F5                  429 	push	af
   011C 33                  430 	inc	sp
                            431 ;	genCall
   011D CD 00 00            432 	call	_scroll_sprite
   0120 E8 03               433 	lda	sp,3(sp)
                            434 ;	main.c 41
                            435 ;	genIpush
                            436 ; _saveRegsForCall: sendSetSize: 0 deInUse: 0 bcInUse: 0 deSending: 0
   0122 21 FE 00            437 	ld	hl,#0x00FE
   0125 E5                  438 	push	hl
                            439 ;	genIpush
   0126 3E 01               440 	ld	a,#0x01
   0128 F5                  441 	push	af
   0129 33                  442 	inc	sp
                            443 ;	genCall
   012A CD 00 00            444 	call	_scroll_sprite
   012D E8 03               445 	lda	sp,3(sp)
                            446 ;	main.c 43
                            447 ;	genCmpEq
                            448 ;	AOP_HL for _run_index
                            449 ; genCmpEq: left 1, right 1, result 0
   012F 21 40 01            450 	ld	hl,#_run_index
   0132 7E                  451 	ld	a,(hl)
   0133 FE 04               452 	cp	a,#0x04
   0135 C2 45 01            453 	jp	nz,00105$
   0138 18 03               454 	jr	00134$
   013A                     455 00133$:
   013A C3 45 01            456 	jp	00105$
   013D                     457 00134$:
                            458 ;	main.c 45
                            459 ;	genAssign
                            460 ;	AOP_HL for _run_index
   013D 21 40 01            461 	ld	hl,#_run_index
   0140 36 00               462 	ld	(hl),#0x00
                            463 ;	genGoto
   0142 C3 5F 01            464 	jp	00112$
                            465 ;	genLabel
   0145                     466 00105$:
                            467 ;	main.c 49
                            468 ;	genPlus
                            469 ;	AOP_HL for _run_index
                            470 ;	genPlusIncr
   0145 21 40 01            471 	ld	hl,#_run_index
   0148 34                  472 	inc	(hl)
   0149 34                  473 	inc	(hl)
                            474 ;	genGoto
   014A C3 5F 01            475 	jp	00112$
                            476 ;	genLabel
   014D                     477 00108$:
                            478 ;	main.c 54
                            479 ;	genIpush
                            480 ; _saveRegsForCall: sendSetSize: 0 deInUse: 0 bcInUse: 0 deSending: 0
   014D 21 00 00            481 	ld	hl,#0x0000
   0150 E5                  482 	push	hl
                            483 ;	genCall
   0151 CD 00 00            484 	call	_set_sprite_tile
   0154 E8 02               485 	lda	sp,2(sp)
                            486 ;	main.c 55
                            487 ;	genIpush
                            488 ; _saveRegsForCall: sendSetSize: 0 deInUse: 0 bcInUse: 0 deSending: 0
   0156 21 01 02            489 	ld	hl,#0x0201
   0159 E5                  490 	push	hl
                            491 ;	genCall
   015A CD 00 00            492 	call	_set_sprite_tile
   015D E8 02               493 	lda	sp,2(sp)
                            494 ;	genLabel
   015F                     495 00112$:
                            496 ;	main.c 57
                            497 ;	genIpush
                            498 ; _saveRegsForCall: sendSetSize: 0 deInUse: 0 bcInUse: 0 deSending: 0
   015F 21 50 00            499 	ld	hl,#0x0050
   0162 E5                  500 	push	hl
                            501 ;	genCall
   0163 CD 00 00            502 	call	_delay
   0166 E8 02               503 	lda	sp,2(sp)
                            504 ;	genGoto
   0168 C3 65 00            505 	jp	00114$
                            506 ;	genLabel
   016B                     507 00116$:
                            508 ;	genEndFunction
   016B E8 03               509 	lda	sp,3(sp)
   016D C9                  510 	ret
   016E                     511 ___main_end:
                            512 	.area _CODE
ASxxxx Assembler V01.75  (GameBoy Z80-like CPU), page 1.

Symbol Table

  0 ___main_end                        016E R
  0 ___main_start                      0000 R
    __initrleblock                     **** GX
    _delay                             **** GX
    _joypad                            **** GX
  0 _main                              0000 GR
  1 _mario                             0000 GR
    _move_sprite                       **** GX
  1 _run_index                         0140 GR
    _scroll_sprite                     **** GX
    _set_sprite_data                   **** GX
    _set_sprite_tile                   **** GX

ASxxxx Assembler V01.75  (GameBoy Z80-like CPU), page 2.

Area Table

   0 _CODE                              size  16E   flags 0
   1 _DATA                              size  141   flags 0
   2 _OVERLAY                           size    0   flags 0
   3 _ISEG                              size    0   flags 0
   4 _BSEG                              size    0   flags 0
   5 _XSEG                              size    0   flags 0
   6 _GSINIT                            size  14F   flags 0
   7 _GSFINAL                           size    0   flags 0
   8 _HOME                              size    0   flags 0
